Processing package 'libbz2-1.0'...
The following exported symbols in package 'libbz2-1.0' are private:
  BZ2_blockSort
  BZ2_bsInitWrite
  BZ2_bz__AssertH__fail
  BZ2_compressBlock
  BZ2_crc32Table
  BZ2_decompress
  BZ2_hbAssignCodes
  BZ2_hbCreateDecodeTables
  BZ2_hbMakeCodeLengths
  BZ2_indexIntoF
  BZ2_rNums
